Component: ARM Compiler 5.06 update 6 (build 750) Tool: armlink [4d35ed]

==============================================================================

Section Cross References

    skeleton.o(TermProject2024) refers to skeleton.o(ROData) for source_data
    skeleton.o(TermProject2024) refers to skeleton.o(RWData) for ResultBuffer


==============================================================================

Image Symbol Table

    Local Symbols

    Symbol Name                              Value     Ov Type        Size  Object(Section)

    TermProject2024                          0x00000000   Section      780  skeleton.o(TermProject2024)
    skeleton.s                               0x00000000   Number         0  skeleton.o ABSOLUTE
    ROData                                   0x0000030c   Section     1652  skeleton.o(ROData)
    mantissa_mask                            0x0000030c   Data           4  skeleton.o(ROData)
    quarter                                  0x00000320   Data          16  skeleton.o(ROData)
    rquarter                                 0x00000330   Data          16  skeleton.o(ROData)
    source_data                              0x00000340   Data           0  skeleton.o(ROData)
    RWData                                   0x10000000   Section    25600  skeleton.o(RWData)
    ResultBuffer                             0x10000000   Data           0  skeleton.o(RWData)

    Global Symbols

    Symbol Name                              Value     Ov Type        Size  Object(Section)

    BuildAttributes$$THM_ISAv2$ARM_ISAv5$E$P$S$PE$A:L22$X:L11$S22$IEEE1$IW$USESV6$~STKCKD$USESV7$~SHL$OSPACE$EBA8$STANDARDLIB$PRES8$EABIv2 0x00000000   Number         0  anon$$obj.o ABSOLUTE



==============================================================================

Memory Map of the image

  Image Entry point : 0x00000000

  Load Region LR_1 (Base: 0x00000000, Size: 0x00006d80, Max: 0xffffffff, ABSOLUTE)

    Execution Region ER_RO (Exec base: 0x00000000, Load base: 0x00000000, Size: 0x00000980, Max: 0xffffffff, ABSOLUTE)

    Exec Addr    Load Addr    Size         Type   Attr      Idx    E Section Name        Object

    0x00000000   0x00000000   0x0000030c   Code   RO            1  * TermProject2024     skeleton.o
    0x0000030c   0x0000030c   0x00000674   Data   RO            2    ROData              skeleton.o


    Execution Region ER_RW (Exec base: 0x10000000, Load base: 0x00000980, Size: 0x00006400, Max: 0xffffffff, ABSOLUTE)

    Exec Addr    Load Addr    Size         Type   Attr      Idx    E Section Name        Object

    0x10000000   0x00000980   0x00006400   Data   RW            3    RWData              skeleton.o


    Execution Region ER_ZI (Exec base: 0x10006400, Load base: 0x00006d80, Size: 0x00000000, Max: 0xffffffff, ABSOLUTE)

    **** No section assigned to this execution region ****


==============================================================================

Image component sizes


      Code (inc. data)   RO Data    RW Data    ZI Data      Debug   Object Name

       780         28       1652      25600          0        444   skeleton.o

    ----------------------------------------------------------------------
       780         28       1652      25600          0        444   Object Totals
         0          0          0          0          0          0   (incl. Generated)
         0          0          0          0          0          0   (incl. Padding)

    ----------------------------------------------------------------------
         0          0          0          0          0          0   Library Totals
         0          0          0          0          0          0   (incl. Padding)

    ----------------------------------------------------------------------

==============================================================================


      Code (inc. data)   RO Data    RW Data    ZI Data      Debug   

       780         28       1652      25600          0        444   Grand Totals
       780         28       1652      25600          0        444   ELF Image Totals
       780         28       1652      25600          0          0   ROM Totals

==============================================================================

    Total RO  Size (Code + RO Data)                 2432 (   2.38kB)
    Total RW  Size (RW Data + ZI Data)             25600 (  25.00kB)
    Total ROM Size (Code + RO Data + RW Data)      28032 (  27.38kB)

==============================================================================

