<html>
<body>
<pre>
<h1>µVision Build Log</h1>
<h2>Tool Versions:</h2>
IDE-Version: •ÏVision V5.29.0.0
Copyright (C) 2019 ARM Ltd and ARM Germany GmbH. All rights reserved.
License Information: Jungyoon Jung, Kwangwoon University, LIC=----
 
Tool Versions:
Toolchain:       MDK-Lite  Version: 5.29.0.0
Toolchain Path:  I:\Keil_v5\ARM\ARMCC\Bin
C Compiler:      Armcc.exe V5.06 update 6 (build 750)
Assembler:       Armasm.exe V5.06 update 6 (build 750)
Linker/Locator:  ArmLink.exe V5.06 update 6 (build 750)
Library Manager: ArmAr.exe V5.06 update 6 (build 750)
Hex Converter:   FromElf.exe V5.06 update 6 (build 750)
CPU DLL:         SARM.DLL V5.29.0.0
Dialog DLL:      DARMP3.DLL 
<h2>Project:</h2>
I:\Homework\ASM-Term-Project-2024-ver241129\ASM-Term-Project-2024.uvproj
Project File Date:  11/29/2024

<h2>Output:</h2>
*** Using Compiler 'V5.06 update 6 (build 750)', folder: 'I:\Keil_v5\ARM\ARMCC\Bin'
Build target 'Target 1'
assembling skeleton.s...
data\downsampled\0.txt(22): warning: A1313W: Missing END directive at end of file
   included by GET/INCLUDE directive from (638): warning: 
   included by GET/INCLUDE directive from : 
linking...
Program Size: Code=780 RO-data=1652 RW-data=25600 ZI-data=0  
".\Objects\ASM-Term-Project-2024.axf" - 0 Error(s), 2 Warning(s).
Build Time Elapsed:  00:00:00
</pre>
</body>
</html>
